\BOOKMARK [0][-]{chapter.1}{\376\377\000I\000n\000t\000r\000o\000d\000u\000c\000t\000i\000o\000n}{}% 1
\BOOKMARK [1][-]{section.1.1}{\376\377\000P\000r\000o\000b\000l\000\351\000m\000a\000t\000i\000q\000u\000e}{chapter.1}% 2
\BOOKMARK [1][-]{section.1.2}{\376\377\000O\000b\000j\000e\000c\000t\000i\000f\000s}{chapter.1}% 3
\BOOKMARK [1][-]{section.1.3}{\376\377\000P\000l\000a\000n\000\040\000d\000u\000\040\000r\000a\000p\000p\000o\000r\000t}{chapter.1}% 4
\BOOKMARK [0][-]{chapter.2}{\376\377\000C\000o\000n\000t\000e\000x\000t\000e\000\040\000e\000t\000\040\000d\000o\000n\000n\000\351\000e\000s}{}% 5
\BOOKMARK [1][-]{section.2.1}{\376\377\000J\000e\000u\000x\000D\000e\000M\000o\000t\000s}{chapter.2}% 6
\BOOKMARK [1][-]{section.2.2}{\376\377\000S\000t\000r\000u\000c\000t\000u\000r\000e\000\040\000d\000u\000\040\000g\000r\000a\000p\000h\000e\000\040\000J\000D\000M}{chapter.2}% 7
\BOOKMARK [1][-]{section.2.3}{\376\377\000A\000P\000I\000\040\000J\000D\000M\000\040\000v\0000}{chapter.2}% 8
\BOOKMARK [0][-]{chapter.3}{\376\377\000\311\000t\000a\000t\000\040\000d\000e\000\040\000l\000'\000a\000r\000t}{}% 9
\BOOKMARK [1][-]{section.3.1}{\376\377\000M\000o\000t\000e\000u\000r\000s\000\040\000d\000e\000\040\000r\000e\000c\000h\000e\000r\000c\000h\000e\000\040\000s\000\351\000m\000a\000n\000t\000i\000q\000u\000e}{chapter.3}% 10
\BOOKMARK [1][-]{section.3.2}{\376\377\000S\000p\000\351\000c\000i\000f\000i\000c\000i\000t\000\351\000\040\000d\000e\000\040\000J\000D\000M}{chapter.3}% 11
\BOOKMARK [1][-]{section.3.3}{\376\377\000O\000p\000t\000i\000m\000i\000s\000a\000t\000i\000o\000n\000\040\000d\000e\000\040\000r\000e\000q\000u\000\352\000t\000e\000s}{chapter.3}% 12
\BOOKMARK [1][-]{section.3.4}{\376\377\000C\000o\000m\000p\000a\000r\000a\000i\000s\000o\000n\000\040\000p\000a\000r\000\040\000i\000d\000e\000n\000t\000i\000f\000i\000a\000n\000t}{chapter.3}% 13
\BOOKMARK [0][-]{chapter.4}{\376\377\000A\000r\000c\000h\000i\000t\000e\000c\000t\000u\000r\000e\000\040\000d\000u\000\040\000m\000o\000t\000e\000u\000r\000\040\000W\000I\000D\000O}{}% 14
\BOOKMARK [1][-]{section.4.1}{\376\377\000V\000u\000e\000\040\000d\000'\000e\000n\000s\000e\000m\000b\000l\000e}{chapter.4}% 15
\BOOKMARK [1][-]{section.4.2}{\376\377\000T\000e\000c\000h\000n\000o\000l\000o\000g\000i\000e\000s\000\040\000u\000t\000i\000l\000i\000s\000\351\000e\000s}{chapter.4}% 16
\BOOKMARK [1][-]{section.4.3}{\376\377\000S\000t\000r\000u\000c\000t\000u\000r\000e\000\040\000d\000e\000s\000\040\000f\000i\000c\000h\000i\000e\000r\000s}{chapter.4}% 17
\BOOKMARK [0][-]{chapter.5}{\376\377\000P\000a\000r\000s\000e\000u\000r\000\040\000s\000y\000n\000t\000a\000x\000i\000q\000u\000e}{}% 18
\BOOKMARK [1][-]{section.5.1}{\376\377\000L\000a\000n\000g\000a\000g\000e\000\040\000d\000e\000\040\000r\000e\000q\000u\000\352\000t\000e\000s\000\040\000W\000I\000D\000O}{chapter.5}% 19
\BOOKMARK [1][-]{section.5.2}{\376\377\000E\000x\000e\000m\000p\000l\000e\000s\000\040\000d\000e\000\040\000r\000e\000q\000u\000\352\000t\000e\000s}{chapter.5}% 20
\BOOKMARK [1][-]{section.5.3}{\376\377\000S\000t\000r\000u\000c\000t\000u\000r\000e\000\040\000d\000e\000\040\000l\000'\000A\000S\000T}{chapter.5}% 21
\BOOKMARK [1][-]{section.5.4}{\376\377\000G\000e\000s\000t\000i\000o\000n\000\040\000d\000e\000s\000\040\000e\000r\000r\000e\000u\000r\000s\000\040\000s\000y\000n\000t\000a\000x\000i\000q\000u\000e\000s}{chapter.5}% 22
\BOOKMARK [0][-]{chapter.6}{\376\377\000H\000e\000u\000r\000i\000s\000t\000i\000q\000u\000e\000s\000\040\000d\000'\000o\000p\000t\000i\000m\000i\000s\000a\000t\000i\000o\000n}{}% 23
\BOOKMARK [1][-]{section.6.1}{\376\377\000P\000r\000i\000n\000c\000i\000p\000e\000\040\000g\000\351\000n\000\351\000r\000a\000l}{chapter.6}% 24
\BOOKMARK [1][-]{section.6.2}{\376\377\000H\000e\000u\000r\000i\000s\000t\000i\000q\000u\000e\000\040\000s\000t\000r\000u\000c\000t\000u\000r\000e\000l\000l\000e}{chapter.6}% 25
\BOOKMARK [1][-]{section.6.3}{\376\377\000H\000e\000u\000r\000i\000s\000t\000i\000q\000u\000e\000\040\000d\000e\000\040\000c\000a\000r\000d\000i\000n\000a\000l\000i\000t\000\351}{chapter.6}% 26
\BOOKMARK [1][-]{section.6.4}{\376\377\000M\000i\000s\000e\000\040\000\340\000\040\000j\000o\000u\000r\000\040\000d\000y\000n\000a\000m\000i\000q\000u\000e\000\040\000d\000e\000s\000\040\000v\000a\000r\000i\000a\000b\000l\000e\000s\000\040\000a\000n\000c\000r\000\351\000e\000s}{chapter.6}% 27
\BOOKMARK [1][-]{section.6.5}{\376\377\000P\000l\000a\000n\000\040\000d\000'\000e\000x\000\351\000c\000u\000t\000i\000o\000n\000\040\000\050\000e\000x\000e\000m\000p\000l\000e\000\051}{chapter.6}% 28
\BOOKMARK [0][-]{chapter.7}{\376\377\000M\000o\000t\000e\000u\000r\000\040\000d\000'\000e\000x\000\351\000c\000u\000t\000i\000o\000n}{}% 29
\BOOKMARK [1][-]{section.7.1}{\376\377\000P\000r\000i\000n\000c\000i\000p\000e\000\040\000d\000'\000e\000x\000\351\000c\000u\000t\000i\000o\000n}{chapter.7}% 30
\BOOKMARK [1][-]{section.7.2}{\376\377\000T\000r\000o\000i\000s\000\040\000c\000a\000s\000\040\000d\000e\000\040\000t\000r\000a\000i\000t\000e\000m\000e\000n\000t\000\040\000d\000'\000u\000n\000e\000\040\000c\000l\000a\000u\000s\000e\000\040\000d\000e\000\040\000r\000e\000l\000a\000t\000i\000o\000n}{chapter.7}% 31
\BOOKMARK [2][-]{subsection.7.2.1}{\376\377\000C\000a\000s\000\040\0001\000\040\000:\000\040\000A\000n\000c\000r\000a\000g\000e\000\040\000i\000n\000i\000t\000i\000a\000l\000\040\000\050\000C\000o\000n\000s\000t\000a\000n\000t\000e\000\040\000\040\000V\000a\000r\000i\000a\000b\000l\000e\000\051}{section.7.2}% 32
\BOOKMARK [2][-]{subsection.7.2.2}{\376\377\000C\000a\000s\000\040\0002\000\040\000:\000\040\000V\000\351\000r\000i\000f\000i\000c\000a\000t\000i\000o\000n\000\040\000\050\000V\000a\000r\000i\000a\000b\000l\000e\000\040\000a\000n\000c\000r\000\351\000e\000\040\000\040\000C\000o\000n\000s\000t\000a\000n\000t\000e\000\051}{section.7.2}% 33
\BOOKMARK [2][-]{subsection.7.2.3}{\376\377\000C\000a\000s\000\040\0003\000\040\000:\000\040\000J\000o\000i\000n\000t\000u\000r\000e\000\040\000\050\000V\000a\000r\000i\000a\000b\000l\000e\000\040\000\040\000V\000a\000r\000i\000a\000b\000l\000e\000\051}{section.7.2}% 34
\BOOKMARK [1][-]{section.7.3}{\376\377\000C\000o\000m\000p\000a\000r\000a\000i\000s\000o\000n\000\040\000p\000a\000r\000\040\000I\000D\000\040\000J\000D\000M}{chapter.7}% 35
\BOOKMARK [1][-]{section.7.4}{\376\377\000S\000c\000o\000r\000e\000s\000\040\000e\000t\000\040\000p\000r\000e\000u\000v\000e\000s}{chapter.7}% 36
\BOOKMARK [1][-]{section.7.5}{\376\377\000T\000r\000a\000i\000t\000e\000m\000e\000n\000t\000\040\000d\000e\000s\000\040\000o\000p\000\351\000r\000a\000t\000e\000u\000r\000s\000\040\000O\000U}{chapter.7}% 37
\BOOKMARK [0][-]{chapter.8}{\376\377\000C\000l\000i\000e\000n\000t\000\040\000A\000P\000I\000\040\000e\000t\000\040\000c\000a\000c\000h\000e}{}% 38
\BOOKMARK [1][-]{section.8.1}{\376\377\000P\000a\000g\000i\000n\000a\000t\000i\000o\000n\000\040\000d\000e\000\040\000l\000'\000A\000P\000I\000\040\000J\000D\000M}{chapter.8}% 39
\BOOKMARK [1][-]{section.8.2}{\376\377\000C\000a\000c\000h\000e\000\040\000d\000i\000s\000q\000u\000e\000\040\000M\000D\0005}{chapter.8}% 40
\BOOKMARK [1][-]{section.8.3}{\376\377\000G\000e\000s\000t\000i\000o\000n\000\040\000d\000e\000s\000\040\000e\000r\000r\000e\000u\000r\000s\000\040\000A\000P\000I}{chapter.8}% 41
\BOOKMARK [0][-]{chapter.9}{\376\377\000I\000n\000t\000e\000r\000f\000a\000c\000e\000\040\000u\000t\000i\000l\000i\000s\000a\000t\000e\000u\000r}{}% 42
\BOOKMARK [1][-]{section.9.1}{\376\377\000D\000e\000s\000i\000g\000n\000\040\000g\000l\000a\000s\000s\000m\000o\000r\000p\000h\000i\000q\000u\000e}{chapter.9}% 43
\BOOKMARK [1][-]{section.9.2}{\376\377\000Z\000o\000n\000e\000\040\000d\000e\000\040\000s\000a\000i\000s\000i\000e\000\040\000e\000t\000\040\000r\000\351\000s\000u\000l\000t\000a\000t\000s}{chapter.9}% 44
\BOOKMARK [1][-]{section.9.3}{\376\377\000P\000a\000n\000n\000e\000a\000u\000\040\000d\000e\000\040\000d\000i\000a\000g\000n\000o\000s\000t\000i\000c}{chapter.9}% 45
\BOOKMARK [1][-]{section.9.4}{\376\377\000G\000e\000s\000t\000i\000o\000n\000\040\000d\000e\000s\000\040\000e\000r\000r\000e\000u\000r\000s}{chapter.9}% 46
\BOOKMARK [0][-]{chapter.10}{\376\377\000\311\000v\000a\000l\000u\000a\000t\000i\000o\000n\000\040\000e\000t\000\040\000b\000e\000n\000c\000h\000m\000a\000r\000k}{}% 47
\BOOKMARK [1][-]{section.10.1}{\376\377\000P\000r\000o\000t\000o\000c\000o\000l\000e}{chapter.10}% 48
\BOOKMARK [1][-]{section.10.2}{\376\377\000R\000e\000q\000u\000\352\000t\000e\000s\000\040\000t\000e\000s\000t\000\351\000e\000s}{chapter.10}% 49
\BOOKMARK [1][-]{section.10.3}{\376\377\000A\000n\000a\000l\000y\000s\000e\000\040\000d\000e\000s\000\040\000r\000\351\000s\000u\000l\000t\000a\000t\000s}{chapter.10}% 50
\BOOKMARK [0][-]{chapter.11}{\376\377\000L\000i\000m\000i\000t\000e\000s\000\040\000e\000t\000\040\000p\000e\000r\000s\000p\000e\000c\000t\000i\000v\000e\000s}{}% 51
\BOOKMARK [1][-]{section.11.1}{\376\377\000L\000i\000m\000i\000t\000e\000s\000\040\000a\000c\000t\000u\000e\000l\000l\000e\000s}{chapter.11}% 52
\BOOKMARK [1][-]{section.11.2}{\376\377\000P\000e\000r\000s\000p\000e\000c\000t\000i\000v\000e\000s\000\040\000d\000'\000a\000m\000\351\000l\000i\000o\000r\000a\000t\000i\000o\000n}{chapter.11}% 53
\BOOKMARK [0][-]{chapter.12}{\376\377\000C\000o\000n\000c\000l\000u\000s\000i\000o\000n}{}% 54
